Archive member included to satisfy reference by file (symbol)

c:/program files (x86)/eclipse foundation/eclipse cdt/gnu tools arm embedded/8 2018-q4-major/bin/../lib/gcc/arm-none-eabi/8.2.1/../../../../arm-none-eabi/lib/thumb/v7e-m/nofp\libstdc++_nano.a(atexit_arm.o)
                              ./Startup_Code/console.o (__aeabi_atexit)
c:/program files (x86)/eclipse foundation/eclipse cdt/gnu tools arm embedded/8 2018-q4-major/bin/../lib/gcc/arm-none-eabi/8.2.1/../../../../arm-none-eabi/lib/thumb/v7e-m/nofp\libstdc++_nano.a(del_ops.o)
                              ./Startup_Code/console.o (operator delete(void*, unsigned int))
c:/program files (x86)/eclipse foundation/eclipse cdt/gnu tools arm embedded/8 2018-q4-major/bin/../lib/gcc/arm-none-eabi/8.2.1/../../../../arm-none-eabi/lib/thumb/v7e-m/nofp\libstdc++_nano.a(del_op.o)
                              c:/program files (x86)/eclipse foundation/eclipse cdt/gnu tools arm embedded/8 2018-q4-major/bin/../lib/gcc/arm-none-eabi/8.2.1/../../../../arm-none-eabi/lib/thumb/v7e-m/nofp\libstdc++_nano.a(del_ops.o) (operator delete(void*))
c:/program files (x86)/eclipse foundation/eclipse cdt/gnu tools arm embedded/8 2018-q4-major/bin/../lib/gcc/arm-none-eabi/8.2.1/../../../../arm-none-eabi/lib/thumb/v7e-m/nofp\libm.a(lib_a-sf_round.o)
                              ./Sources/delay.o (roundf)
c:/program files (x86)/eclipse foundation/eclipse cdt/gnu tools arm embedded/8 2018-q4-major/bin/../lib/gcc/arm-none-eabi/8.2.1/thumb/v7e-m/nofp\libgcc.a(_arm_addsubsf3.o)
                              ./Sources/spi.o (__aeabi_fsub)
c:/program files (x86)/eclipse foundation/eclipse cdt/gnu tools arm embedded/8 2018-q4-major/bin/../lib/gcc/arm-none-eabi/8.2.1/thumb/v7e-m/nofp\libgcc.a(_arm_muldivsf3.o)
                              ./Sources/delay.o (__aeabi_fmul)
c:/program files (x86)/eclipse foundation/eclipse cdt/gnu tools arm embedded/8 2018-q4-major/bin/../lib/gcc/arm-none-eabi/8.2.1/thumb/v7e-m/nofp\libgcc.a(_arm_cmpsf2.o)
                              ./Sources/spi.o (__aeabi_fcmplt)
c:/program files (x86)/eclipse foundation/eclipse cdt/gnu tools arm embedded/8 2018-q4-major/bin/../lib/gcc/arm-none-eabi/8.2.1/thumb/v7e-m/nofp\libgcc.a(_arm_fixsfsi.o)
                              ./Sources/delay.o (__aeabi_f2iz)
c:/program files (x86)/eclipse foundation/eclipse cdt/gnu tools arm embedded/8 2018-q4-major/bin/../lib/gcc/arm-none-eabi/8.2.1/thumb/v7e-m/nofp\libgcc.a(_aeabi_uldivmod.o)
                              ./Sources/delay.o (__aeabi_uldivmod)
c:/program files (x86)/eclipse foundation/eclipse cdt/gnu tools arm embedded/8 2018-q4-major/bin/../lib/gcc/arm-none-eabi/8.2.1/thumb/v7e-m/nofp\libgcc.a(_udivmoddi4.o)
                              c:/program files (x86)/eclipse foundation/eclipse cdt/gnu tools arm embedded/8 2018-q4-major/bin/../lib/gcc/arm-none-eabi/8.2.1/thumb/v7e-m/nofp\libgcc.a(_aeabi_uldivmod.o) (__udivmoddi4)
c:/program files (x86)/eclipse foundation/eclipse cdt/gnu tools arm embedded/8 2018-q4-major/bin/../lib/gcc/arm-none-eabi/8.2.1/thumb/v7e-m/nofp\libgcc.a(_dvmd_tls.o)
                              c:/program files (x86)/eclipse foundation/eclipse cdt/gnu tools arm embedded/8 2018-q4-major/bin/../lib/gcc/arm-none-eabi/8.2.1/thumb/v7e-m/nofp\libgcc.a(_aeabi_uldivmod.o) (__aeabi_ldiv0)
c:/program files (x86)/eclipse foundation/eclipse cdt/gnu tools arm embedded/8 2018-q4-major/bin/../lib/gcc/arm-none-eabi/8.2.1/../../../../arm-none-eabi/lib/thumb/v7e-m/nofp\libg_nano.a(lib_a-cxa_atexit.o)
                              c:/program files (x86)/eclipse foundation/eclipse cdt/gnu tools arm embedded/8 2018-q4-major/bin/../lib/gcc/arm-none-eabi/8.2.1/../../../../arm-none-eabi/lib/thumb/v7e-m/nofp\libstdc++_nano.a(atexit_arm.o) (__cxa_atexit)
c:/program files (x86)/eclipse foundation/eclipse cdt/gnu tools arm embedded/8 2018-q4-major/bin/../lib/gcc/arm-none-eabi/8.2.1/../../../../arm-none-eabi/lib/thumb/v7e-m/nofp\libg_nano.a(lib_a-exit.o)
                              c:/program files (x86)/eclipse foundation/eclipse cdt/gnu tools arm embedded/8 2018-q4-major/bin/../lib/gcc/arm-none-eabi/8.2.1/../../../../arm-none-eabi/lib/thumb/v7e-m/nofp/crt0.o (exit)
c:/program files (x86)/eclipse foundation/eclipse cdt/gnu tools arm embedded/8 2018-q4-major/bin/../lib/gcc/arm-none-eabi/8.2.1/../../../../arm-none-eabi/lib/thumb/v7e-m/nofp\libg_nano.a(lib_a-impure.o)
                              c:/program files (x86)/eclipse foundation/eclipse cdt/gnu tools arm embedded/8 2018-q4-major/bin/../lib/gcc/arm-none-eabi/8.2.1/../../../../arm-none-eabi/lib/thumb/v7e-m/nofp\libg_nano.a(lib_a-exit.o) (_global_impure_ptr)
c:/program files (x86)/eclipse foundation/eclipse cdt/gnu tools arm embedded/8 2018-q4-major/bin/../lib/gcc/arm-none-eabi/8.2.1/../../../../arm-none-eabi/lib/thumb/v7e-m/nofp\libg_nano.a(lib_a-init.o)
[...]
Memory Configuration

Name             Origin             Length             Attributes
bitband          0x22000000         0x02000000         rw
aips0            0x40000000         0x00080000         rw
aips1            0x40080000         0x0007f000         rw
gpio             0x400ff000         0x00001000         rw
gpioBitband      0x42000000         0x02000000         rw
peripherals      0xe0000000         0x00100000         rw
flexRAM          0x14000000         0x00000800         rw
flexNVM          0x10000000         0x00008000         xr
flash            0x00000000         0x00020000         xr
ram_high         0x20000000         0x00002000         xrw
ram_low          0x1fffe000         0x00002000         xrw
gdbGuard         0x20000000         0x00000020         r
*default*        0x00000000         0xffffffff

Linker script and memory map

LOAD c:/program files (x86)/eclipse foundation/eclipse cdt/gnu tools arm embedded/8 2018-q4-major/bin/../lib/gcc/arm-none-eabi/8.2.1/thumb/v7e-m/nofp/crti.o
LOAD c:/program files (x86)/eclipse foundation/eclipse cdt/gnu tools arm embedded/8 2018-q4-major/bin/../lib/gcc/arm-none-eabi/8.2.1/thumb/v7e-m/nofp/crtbegin.o
LOAD c:/program files (x86)/eclipse foundation/eclipse cdt/gnu tools arm embedded/8 2018-q4-major/bin/../lib/gcc/arm-none-eabi/8.2.1/../../../../arm-none-eabi/lib/thumb/v7e-m/nofp/crt0.o
LOAD ./Startup_Code/console.o
LOAD ./Startup_Code/mcg.o
LOAD ./Startup_Code/newlib_stubs.o
LOAD ./Startup_Code/rtc.o
LOAD ./Startup_Code/security.o
LOAD ./Startup_Code/startup_ARMLtdGCC.o
LOAD ./Startup_Code/system-gcc.o
LOAD ./Startup_Code/system.o
LOAD ./Startup_Code/vectors.o
LOAD ./Sources/delay.o
LOAD ./Sources/ftfl.o
LOAD ./Sources/hardware.o
LOAD ./Sources/i2c-example.o
LOAD ./Sources/i2c.o
LOAD ./Sources/spi.o
LOAD ./Sources/usbdmError.o
LOAD c:/program files (x86)/eclipse foundation/eclipse cdt/gnu tools arm embedded/8 2018-q4-major/bin/../lib/gcc/arm-none-eabi/8.2.1/../../../../arm-none-eabi/lib/thumb/v7e-m/nofp\libstdc++_nano.a
LOAD c:/program files (x86)/eclipse foundation/eclipse cdt/gnu tools arm embedded/8 2018-q4-major/bin/../lib/gcc/arm-none-eabi/8.2.1/../../../../arm-none-eabi/lib/thumb/v7e-m/nofp\libm.a
START GROUP
LOAD c:/program files (x86)/eclipse foundation/eclipse cdt/gnu tools arm embedded/8 2018-q4-major/bin/../lib/gcc/arm-none-eabi/8.2.1/thumb/v7e-m/nofp\libgcc.a
LOAD c:/program files (x86)/eclipse foundation/eclipse cdt/gnu tools arm embedded/8 2018-q4-major/bin/../lib/gcc/arm-none-eabi/8.2.1/../../../../arm-none-eabi/lib/thumb/v7e-m/nofp\libg_nano.a
LOAD c:/program files (x86)/eclipse foundation/eclipse cdt/gnu tools arm embedded/8 2018-q4-major/bin/../lib/gcc/arm-none-eabi/8.2.1/../../../../arm-none-eabi/lib/thumb/v7e-m/nofp\libc_nano.a
END GROUP
START GROUP
LOAD c:/program files (x86)/eclipse foundation/eclipse cdt/gnu tools arm embedded/8 2018-q4-major/bin/../lib/gcc/arm-none-eabi/8.2.1/thumb/v7e-m/nofp\libgcc.a
LOAD c:/program files (x86)/eclipse foundation/eclipse cdt/gnu tools arm embedded/8 2018-q4-major/bin/../lib/gcc/arm-none-eabi/8.2.1/../../../../arm-none-eabi/lib/thumb/v7e-m/nofp\libc_nano.a
END GROUP
LOAD c:/program files (x86)/eclipse foundation/eclipse cdt/gnu tools arm embedded/8 2018-q4-major/bin/../lib/gcc/arm-none-eabi/8.2.1/thumb/v7e-m/nofp/crtend.o
LOAD c:/program files (x86)/eclipse foundation/eclipse cdt/gnu tools arm embedded/8 2018-q4-major/bin/../lib/gcc/arm-none-eabi/8.2.1/thumb/v7e-m/nofp/crtn.o
                0x00001000                __stack_size = 0x1000
                0x00001000                __heap_size = 0x1000
                0x00000000                __sram_u_size = 0x0
                0x00001000                PROVIDE (__stack_size__ = __stack_size)
                0x00001000                PROVIDE (__heap_size__ = __heap_size)
                [!provide]                PROVIDE (__HardReset = Reset_Handler)
                [!provide]                PROVIDE (_start = main)

.interrupts     0x00000000      0x410
                0x00000000                __flash_start = .
                0x00000000                __VECTOR_TABLE = .
 *(.interrupt_vectors)
 .interrupt_vectors
                0x00000000       0xf8 ./Startup_Code/vectors.o
                0x00000000                __vector_table
 *(.isr_vector)
                0x00000001                ASSERT ((. != __flash_start), No reset vector found)
                0x000000f8                __VECTOR_TABLE_END = .
                0x00000400                . = (__flash_start + 0x400)
 *fill*         0x000000f8      0x308 
 *(.security_information)
 .security_information
                0x00000400       0x10 ./Startup_Code/security.o
                0x00000400                securityInfo
 *(.FlashConfig)
                0x00000001                ASSERT ((. == (__flash_start + 0x410)), No Freescale security information)
                0x00000000                M_VECTOR_RAM_SIZE = DEFINED (__ram_vector_table__)?(__VECTOR_TABLE_END - __VECTOR_TABLE):0x0

.text           0x00000410     0x27e0
 *(.text)
 .text          0x00000410       0x40 c:/program files (x86)/eclipse foundation/eclipse cdt/gnu tools arm embedded/8 2018-q4-major/bin/../lib/gcc/arm-none-eabi/8.2.1/thumb/v7e-m/nofp/crtbegin.o
 .text          0x00000450       0x74 c:/program files (x86)/eclipse foundation/eclipse cdt/gnu tools arm embedded/8 2018-q4-major/bin/../lib/gcc/arm-none-eabi/8.2.1/../../../../arm-none-eabi/lib/thumb/v7e-m/nofp/crt0.o
                0x00000450                _start
                0x00000450                _mainCRTStartup
 .text          0x000004c4       0x44 ./Startup_Code/startup_ARMLtdGCC.o
                0x000004c4                Reset_Handler
 .text          0x00000508       0x30 c:/program files (x86)/eclipse foundation/eclipse cdt/gnu tools arm embedded/8 2018-q4-major/bin/../lib/gcc/arm-none-eabi/8.2.1/thumb/v7e-m/nofp\libgcc.a(_aeabi_uldivmod.o)
                0x00000508                __aeabi_uldivmod
 .text          0x00000538      0x2d0 c:/program files (x86)/eclipse foundation/eclipse cdt/gnu tools arm embedded/8 2018-q4-major/bin/../lib/gcc/arm-none-eabi/8.2.1/thumb/v7e-m/nofp\libgcc.a(_udivmoddi4.o)
                0x00000538                __udivmoddi4
 .text          0x00000808        0x4 c:/program files (x86)/eclipse foundation/eclipse cdt/gnu tools arm embedded/8 2018-q4-major/bin/../lib/gcc/arm-none-eabi/8.2.1/thumb/v7e-m/nofp\libgcc.a(_dvmd_tls.o)
                0x00000808                __aeabi_idiv0
                0x00000808                __aeabi_ldiv0
 *(.text*)
 .text.NVIC_SetPriority
                0x0000080c       0x58 ./Startup_Code/console.o
 .text._ZN5USBDML16enablePortClocksEm
                0x00000864       0x34 ./Startup_Code/console.o
 .text._ZN5USBDM7SimInfo13getUart0ClockEv
                0x00000898       0x14 ./Startup_Code/console.o
                0x00000898                USBDM::SimInfo::getUart0Clock()
 .text._ZN5USBDM9Uart0Info11enableClockEv
                0x000008ac       0x28 ./Startup_Code/console.o
                0x000008ac                USBDM::Uart0Info::enableClock()
 .text._ZN5USBDM9Uart0Info22getInputClockFrequencyEv
                0x000008d4        0xe ./Startup_Code/console.o
                0x000008d4                USBDM::Uart0Info::getInputClockFrequency()
 *fill*         0x000008e2        0x2 
 .text._ZN5USBDM9Uart0Info8initPCRsEm
                0x000008e4       0x2c ./Startup_Code/console.o
                0x000008e4                USBDM::Uart0Info::initPCRs(unsigned long)
 .text._ZN5USBDM18FormattingSettingsC2Ev
                0x00000910       0x46 ./Startup_Code/console.o
                0x00000910                USBDM::FormattingSettings::FormattingSettings()
                0x00000910                USBDM::FormattingSettings::FormattingSettings()
 *fill*         0x00000956        0x2 
 .text._ZN5USBDM11FormattedIOC2Ev
                0x00000958       0x34 ./Startup_Code/console.o
                0x00000958                USBDM::FormattedIO::FormattedIO()
                0x00000958                USBDM::FormattedIO::FormattedIO()
 .text._ZN5USBDM11FormattedIOD2Ev
                0x0000098c       0x20 ./Startup_Code/console.o
                0x0000098c                USBDM::FormattedIO::~FormattedIO()
                0x0000098c                USBDM::FormattedIO::~FormattedIO()
 .text._ZN5USBDM11FormattedIOD0Ev
                0x000009ac       0x20 ./Startup_Code/console.o
                0x000009ac                USBDM::FormattedIO::~FormattedIO()
 .text._ZN5USBDM11FormattedIO9writeCharEc
                0x000009cc       0x24 ./Startup_Code/console.o
                0x000009cc                USBDM::FormattedIO::writeChar(char)
 .text._ZN5USBDM11FormattedIO5writeEc
                0x000009f0       0x20 ./Startup_Code/console.o
                0x000009f0                USBDM::FormattedIO::write(char)
 .text._ZN5USBDM11FormattedIO7writelnEv
                0x00000a10       0x1a ./Startup_Code/console.o
                0x00000a10                USBDM::FormattedIO::writeln()
 .text._ZN5USBDM11FormattedIO5writeEPKc
                0x00000a2a       0x2e ./Startup_Code/console.o
                0x00000a2a                USBDM::FormattedIO::write(char const*)
 .text._ZN5USBDM11FormattedIO7writelnEPKc
                0x00000a58       0x22 ./Startup_Code/console.o
                0x00000a58                USBDM::FormattedIO::writeln(char const*)
 .text._ZN5USBDM11FormattedIO7setEchoENS_8EchoModeE
                0x00000a7a       0x1e ./Startup_Code/console.o
                0x00000a7a                USBDM::FormattedIO::setEcho(USBDM::EchoMode)
 .text._ZN5USBDM4Uart16_isCharAvailableEv
                0x00000a98       0x28 ./Startup_Code/console.o
                0x00000a98                USBDM::Uart::_isCharAvailable()
 .text._ZN5USBDM4Uart9_readCharEv
                0x00000ac0       0x42 ./Startup_Code/console.o
                0x00000ac0                USBDM::Uart::_readChar()
 .text._ZN5USBDM4Uart10_writeCharEc
                0x00000b02       0x46 ./Startup_Code/console.o
                0x00000b02                USBDM::Uart::_writeChar(char)
 .text._ZN5USBDM4UartC2ERV9UART_Type
                0x00000b48       0x2c ./Startup_Code/console.o
                0x00000b48                USBDM::Uart::Uart(UART_Type volatile&)
                0x00000b48                USBDM::Uart::Uart(UART_Type volatile&)
 .text._ZN5USBDM4UartD2Ev
                0x00000b74       0x24 ./Startup_Code/console.o
                0x00000b74                USBDM::Uart::~Uart()
                0x00000b74                USBDM::Uart::~Uart()
 .text._ZN5USBDM4UartD0Ev
                0x00000b98       0x20 ./Startup_Code/console.o
                0x00000b98                USBDM::Uart::~Uart()
 .text._ZN5USBDM4Uart16setBaudRate_brfaEmm
                0x00000bb8       0x8c ./Startup_Code/console.o
                0x00000bb8                USBDM::Uart::setBaudRate_brfa(unsigned long, unsigned long)
 .text._ZN5USBDM4Uart11flushOutputEv
                0x00000c44       0x2e ./Startup_Code/console.o
                0x00000c44                USBDM::Uart::flushOutput()
 .text._ZN5USBDM4Uart10flushInputEv
                0x00000c72       0x20 ./Startup_Code/console.o
                0x00000c72                USBDM::Uart::flushInput()
 *fill*         0x00000c92        0x2 
 .text.console_initialise
                0x00000c94       0x24 ./Startup_Code/console.o
                0x00000c94                console_initialise
 .text._ZN5USBDM11Uart_brfa_TINS_9Uart0InfoEEC2Ej
                0x00000cb8       0x30 ./Startup_Code/console.o
                0x00000cb8                USBDM::Uart_brfa_T<USBDM::Uart0Info>::Uart_brfa_T(unsigned int)
                0x00000cb8                USBDM::Uart_brfa_T<USBDM::Uart0Info>::Uart_brfa_T(unsigned int)
 .text._ZN5USBDM11Uart_brfa_TINS_9Uart0InfoEE11setBaudRateEj
                0x00000ce8       0x24 ./Startup_Code/console.o
                0x00000ce8                USBDM::Uart_brfa_T<USBDM::Uart0Info>::setBaudRate(unsigned int)
 .text._ZN5USBDM6Uart_TINS_9Uart0InfoEEC2Ev
                0x00000d0c       0x40 ./Startup_Code/console.o
                0x00000d0c                USBDM::Uart_T<USBDM::Uart0Info>::Uart_T()
                0x00000d0c                USBDM::Uart_T<USBDM::Uart0Info>::Uart_T()
 .text._ZN5USBDM6Uart_TINS_9Uart0InfoEED2Ev
                0x00000d4c       0x24 ./Startup_Code/console.o
                0x00000d4c                USBDM::Uart_T<USBDM::Uart0Info>::~Uart_T()
                0x00000d4c                USBDM::Uart_T<USBDM::Uart0Info>::~Uart_T()
 .text._ZN5USBDM6Uart_TINS_9Uart0InfoEED0Ev
                0x00000d70       0x20 ./Startup_Code/console.o
                0x00000d70                USBDM::Uart_T<USBDM::Uart0Info>::~Uart_T()
 .text._ZN5USBDM6Uart_TINS_9Uart0InfoEE24setNvicInterruptPriorityEm
                0x00000d90       0x2e ./Startup_Code/console.o
                0x00000d90                USBDM::Uart_T<USBDM::Uart0Info>::setNvicInterruptPriority(unsigned long)
 *fill*         0x00000dbe        0x2 
 .text._Z41__static_initialization_and_destruction_0ii
                0x00000dc0       0x44 ./Startup_Code/console.o
 .text._ZN5USBDM11Uart_brfa_TINS_9Uart0InfoEED2Ev
                0x00000e04       0x24 ./Startup_Code/console.o
                0x00000e04                USBDM::Uart_brfa_T<USBDM::Uart0Info>::~Uart_brfa_T()
                0x00000e04                USBDM::Uart_brfa_T<USBDM::Uart0Info>::~Uart_brfa_T()
 .text._ZN5USBDM11Uart_brfa_TINS_9Uart0InfoEED0Ev
                0x00000e28       0x20 ./Startup_Code/console.o
                0x00000e28                USBDM::Uart_brfa_T<USBDM::Uart0Info>::~Uart_brfa_T()
 .text._ZN5USBDM6Uart_TINS_9Uart0InfoEE10clearErrorEv
                0x00000e48       0x18 ./Startup_Code/console.o
                0x00000e48                USBDM::Uart_T<USBDM::Uart0Info>::clearError()
 .text._GLOBAL__sub_I__ZN5USBDM7consoleE
                0x00000e60       0x10 ./Startup_Code/console.o
 .text.NVIC_EnableIRQ
                0x00000e70       0x34 ./Startup_Code/mcg.o
 .text._ZN5USBDML12setErrorCodeENS_9ErrorCodeE
                0x00000ea4       0x20 ./Startup_Code/mcg.o
 .text._ZN5USBDML16enablePortClocksEm
                0x00000ec4       0x34 ./Startup_Code/mcg.o
 .text._ZN5USBDM8Osc0Info11getOscClockEv
                0x00000ef8       0x14 ./Startup_Code/mcg.o
                0x00000ef8                USBDM::Osc0Info::getOscClock()
 .text._ZN5USBDM8Osc0Info8initPCRsEm
                0x00000f0c       0x28 ./Startup_Code/mcg.o
                0x00000f0c                USBDM::Osc0Info::initPCRs(unsigned long)
 .text._ZN5USBDM7RtcInfo11enableClockEv
                0x00000f34       0x28 ./Startup_Code/mcg.o
                0x00000f34                USBDM::RtcInfo::enableClock()
 .text._ZN5USBDM7RtcInfo16getInternalClockEv
                0x00000f5c       0x24 ./Startup_Code/mcg.o
                0x00000f5c                USBDM::RtcInfo::getInternalClock()
 .text._ZN5USBDM7RtcInfo8initPCRsEm
                0x00000f80       0x12 ./Startup_Code/mcg.o
                0x00000f80                USBDM::RtcInfo::initPCRs(unsigned long)
 *fill*         0x00000f92        0x2 
 .text._ZN5USBDM7McgInfo11getErcClockEv
                0x00000f94       0x34 ./Startup_Code/mcg.o
                0x00000f94                USBDM::McgInfo::getErcClock()
 .text._ZN5USBDM7McgInfo19getInternalIrcClockEv
                0x00000fc8       0x44 ./Startup_Code/mcg.o
                0x00000fc8                USBDM::McgInfo::getInternalIrcClock()
 .text._ZN5USBDM7SimInfo8initRegsEv
                0x0000100c       0x70 ./Startup_Code/mcg.o
                0x0000100c                USBDM::SimInfo::initRegs()
 .text._ZN5USBDM3Mcg14setSysDividersEm
                0x0000107c       0x24 ./Startup_Code/mcg.o
                0x0000107c                USBDM::Mcg::setSysDividers(unsigned long)
 .text._ZN5USBDM3Mcg20enableNvicInterruptsEv
                0x000010a0       0x10 ./Startup_Code/mcg.o
                0x000010a0                USBDM::Mcg::enableNvicInterrupts()
 .text._ZN5USBDM3Mcg10initialiseEv
                0x000010b0        0xc ./Startup_Code/mcg.o
                0x000010b0                USBDM::Mcg::initialise()
 .text._ZN5USBDM3Mcg15clockTransitionERKNS_7McgInfo9ClockInfoE
                0x000010bc      0x300 ./Startup_Code/mcg.o
                0x000010bc                USBDM::Mcg::clockTransition(USBDM::McgInfo::ClockInfo const&)
 .text._ZN5USBDM3Mcg21SystemCoreClockUpdateEv
                0x000013bc      0x25c ./Startup_Code/mcg.o
                0x000013bc                USBDM::Mcg::SystemCoreClockUpdate()
 .text._ZN5USBDM3Mcg16defaultConfigureEv
                0x00001618       0x28 ./Startup_Code/mcg.o
                0x00001618                USBDM::Mcg::defaultConfigure()
 .text.clock_initialise
                0x00001640       0x14 ./Startup_Code/mcg.o
                0x00001640                clock_initialise
 .text._ZN5USBDM9OscBase_TINS_8Osc0InfoEE10initialiseEv
                0x00001654        0xc ./Startup_Code/mcg.o
                0x00001654                USBDM::OscBase_T<USBDM::Osc0Info>::initialise()
 .text._ZN5USBDM9RtcBase_TINS_7RtcInfoEE10initialiseEv
                0x00001660        0xc ./Startup_Code/mcg.o
                0x00001660                USBDM::RtcBase_T<USBDM::RtcInfo>::initialise()
 .text._ZN5USBDM9OscBase_TINS_8Osc0InfoEE16defaultConfigureEv
                0x0000166c       0x18 ./Startup_Code/mcg.o
                0x0000166c                USBDM::OscBase_T<USBDM::Osc0Info>::defaultConfigure()
 .text._ZN5USBDM9RtcBase_TINS_7RtcInfoEE16defaultConfigureEv
                0x00001684       0xbc ./Startup_Code/mcg.o
                0x00001684                USBDM::RtcBase_T<USBDM::RtcInfo>::defaultConfigure()
 .text._ZN5USBDM9RtcBase_TINS_7RtcInfoEE3rtcEv
                0x00001740       0x14 ./Startup_Code/mcg.o
                0x00001740                USBDM::RtcBase_T<USBDM::RtcInfo>::rtc()
 .text._exit    0x00001754        0xc ./Startup_Code/newlib_stubs.o
                0x00001754                _exit
 .text.__cxa_pure_virtual
                0x00001760        0xa ./Startup_Code/system-gcc.o
                0x00001760                __cxa_pure_virtual
 .text.rtc_initialise
                0x0000176a        0xc ./Startup_Code/system.o
                0x0000176a                rtc_initialise
 .text.software_init_hook
                0x00001776        0xc ./Startup_Code/system.o
                0x00001776                software_init_hook
 *fill*         0x00001782        0x2 
 .text.SystemInitLowLevel
                0x00001784       0x44 ./Startup_Code/system.o
                0x00001784                SystemInitLowLevel
 .text.SystemInit
                0x000017c8       0x18 ./Startup_Code/system.o
                0x000017c8                SystemInit
 .text._ZN5USBDM9PmcBase_TINS_7PmcInfoEE11releasePinsEv
                0x000017e0       0x20 ./Startup_Code/system.o
                0x000017e0                USBDM::PmcBase_T<USBDM::PmcInfo>::releasePins()
 .text._ZN5USBDM11FormattedIO10setPaddingENS_7PaddingE
                0x00001800       0x1e ./Startup_Code/vectors.o
                0x00001800                USBDM::FormattedIO::setPadding(USBDM::Padding)
 .text._ZN5USBDM11FormattedIO8setWidthEj
                0x0000181e       0x1e ./Startup_Code/vectors.o
                0x0000181e                USBDM::FormattedIO::setWidth(unsigned int)
 .text._ZN5USBDM11FormattedIO5ultoaEPcmNS_5RadixENS_7PaddingEib
                0x0000183c      0x170 ./Startup_Code/vectors.o
                0x0000183c                USBDM::FormattedIO::ultoa(char*, unsigned long, USBDM::Radix, USBDM::Padding, int, bool)
 .text._ZN5USBDM11FormattedIO5writeEmNS_5RadixE
                0x000019ac       0x42 ./Startup_Code/vectors.o
                0x000019ac                USBDM::FormattedIO::write(unsigned long, USBDM::Radix)
 .text._ZN5USBDM11FormattedIO7writelnEmNS_5RadixE
                0x000019ee       0x2a ./Startup_Code/vectors.o
                0x000019ee                USBDM::FormattedIO::writeln(unsigned long, USBDM::Radix)
 .text._ZN5USBDM11FormattedIO7writelnEPKvNS_5RadixE
                0x00001a18       0x24 ./Startup_Code/vectors.o
                0x00001a18                USBDM::FormattedIO::writeln(void const*, USBDM::Radix)
 .text._ZN5USBDM11FormattedIO7writelnEjNS_5RadixE
                0x00001a3c       0x24 ./Startup_Code/vectors.o
                0x00001a3c                USBDM::FormattedIO::writeln(unsigned int, USBDM::Radix)
 .text.Default_Handler
                0x00001a60       0x20 ./Startup_Code/vectors.o
                0x00001a60                RTC_Alarm_IRQHandler
                0x00001a60                DebugMon_Handler
                0x00001a60                I2C0_IRQHandler
                0x00001a60                SysTick_Handler
                0x00001a60                PendSV_Handler
                0x00001a60                NMI_Handler
                0x00001a60                DMA2_IRQHandler
                0x00001a60                PIT0_IRQHandler
                0x00001a60                LLWU_IRQHandler
                0x00001a60                TSI0_IRQHandler
                0x00001a60                SWI_IRQHandler
                0x00001a60                ADC0_IRQHandler
                0x00001a60                UsageFault_Handler
                0x00001a60                I2S0_Tx_IRQHandler
                0x00001a60                CMT_IRQHandler
                0x00001a60                CMP1_IRQHandler
                0x00001a60                PORTD_IRQHandler
                0x00001a60                PORTB_IRQHandler
                0x00001a60                USBDCD0_IRQHandler
                0x00001a60                PIT2_IRQHandler
                0x00001a60                I2S0_Rx_IRQHandler
                0x00001a60                PDB0_IRQHandler
                0x00001a60                FTM1_IRQHandler
                0x00001a60                UART0_RxTx_IRQHandler
                0x00001a60                PIT3_IRQHandler
                0x00001a60                RTC_Seconds_IRQHandler
                0x00001a60                MCG_IRQHandler
                0x00001a60                Default_Handler
                0x00001a60                UART0_Error_IRQHandler
                0x00001a60                UART1_RxTx_IRQHandler
                0x00001a60                USB0_IRQHandler
                0x00001a60                MemManage_Handler
                0x00001a60                SVC_Handler
                0x00001a60                UART0_Lon_IRQHandler
                0x00001a60                DMA3_IRQHandler
                0x00001a60                DMA0_IRQHandler
                0x00001a60                FTF_ReadCollision_IRQHandler
                0x00001a60                UART1_Error_IRQHandler
                0x00001a60                UART2_Error_IRQHandler
                0x00001a60                UART2_RxTx_IRQHandler
                0x00001a60                PMC_IRQHandler
                0x00001a60                PIT1_IRQHandler
                0x00001a60                DMA_Error_IRQHandler
                0x00001a60                SPI0_IRQHandler
                0x00001a60                FTM0_IRQHandler
                0x00001a60                FTF_Command_IRQHandler
                0x00001a60                PORTA_IRQHandler
                0x00001a60                PORTE_IRQHandler
                0x00001a60                WDOG_IRQHandler
                0x00001a60                LPTMR0_IRQHandler
                0x00001a60                BusFault_Handler
                0x00001a60                CMP0_IRQHandler
                0x00001a60                PORTC_IRQHandler
                0x00001a60                DMA1_IRQHandler
 .text.HardFault_Handler
                0x00001a80       0x16 ./Startup_Code/vectors.o
                0x00001a80                HardFault_Handler
 *fill*         0x00001a96        0x2 
 .text._HardFault_Handler
                0x00001a98      0x1b0 ./Startup_Code/vectors.o
                0x00001a98                _HardFault_Handler
 .text._ZN5USBDML9waitTicksEx
                0x00001c48       0x74 ./Sources/delay.o
 .text._ZN5USBDM6waitMSEm
                0x00001cbc       0x50 ./Sources/delay.o
                0x00001cbc                USBDM::waitMS(unsigned long)
 .text.NVIC_EnableIRQ
                0x00001d0c       0x34 ./Sources/i2c-example.o
 .text._ZN5USBDML16enablePortClocksEm
                0x00001d40       0x34 ./Sources/i2c-example.o
 .text._ZN5USBDM8I2c0Info22getInputClockFrequencyEv
                0x00001d74       0x14 ./Sources/i2c-example.o
                0x00001d74                USBDM::I2c0Info::getInputClockFrequency()
 .text._ZN5USBDM8I2c0Info11enableClockEv
                0x00001d88       0x28 ./Sources/i2c-example.o
                0x00001d88                USBDM::I2c0Info::enableClock()
 .text._ZN5USBDM8I2c0Info8initPCRsEm
                0x00001db0       0x2c ./Sources/i2c-example.o
                0x00001db0                USBDM::I2c0Info::initPCRs(unsigned long)
 .text._ZN5USBDM3I2cC2EPV8I2C_TypeNS_7I2cModeE
                0x00001ddc       0x5c ./Sources/i2c-example.o
                0x00001ddc                USBDM::I2c::I2c(I2C_Type volatile*, USBDM::I2cMode)
                0x00001ddc                USBDM::I2c::I2c(I2C_Type volatile*, USBDM::I2cMode)
 .text._ZN5USBDM3I2cD2Ev
                0x00001e38       0x20 ./Sources/i2c-example.o
                0x00001e38                USBDM::I2c::~I2c()
                0x00001e38                USBDM::I2c::~I2c()
 .text._ZN5USBDM3I2c6setBPSEmm
                0x00001e58       0x24 ./Sources/i2c-example.o
                0x00001e58                USBDM::I2c::setBPS(unsigned long, unsigned long)
 .text._ZN5USBDM3I2c16startTransactionEi
                0x00001e7c       0x16 ./Sources/i2c-example.o
                0x00001e7c                USBDM::I2c::startTransaction(int)
 .text._ZN5USBDM3I2c14endTransactionEv
                0x00001e92       0x14 ./Sources/i2c-example.o
                0x00001e92                USBDM::I2c::endTransaction()
 *fill*         0x00001ea6        0x2 
 .text.main     0x00001ea8       0xdc ./Sources/i2c-example.o
                0x00001ea8                main
 .text._ZN5USBDM9I2cBase_TINS_8I2c0InfoEEC2EjNS_7I2cModeEh
                0x00001f84       0x58 ./Sources/i2c-example.o
                0x00001f84                USBDM::I2cBase_T<USBDM::I2c0Info>::I2cBase_T(unsigned int, USBDM::I2cMode, unsigned char)
                0x00001f84                USBDM::I2cBase_T<USBDM::I2c0Info>::I2cBase_T(unsigned int, USBDM::I2cMode, unsigned char)
 .text._ZN5USBDM9I2cBase_TINS_8I2c0InfoEED2Ev
                0x00001fdc       0x24 ./Sources/i2c-example.o
                0x00001fdc                USBDM::I2cBase_T<USBDM::I2c0Info>::~I2cBase_T()
                0x00001fdc                USBDM::I2cBase_T<USBDM::I2c0Info>::~I2cBase_T()
 .text._ZN5USBDM9I2cBase_TINS_8I2c0InfoEED0Ev
                0x00002000       0x20 ./Sources/i2c-example.o
                0x00002000                USBDM::I2cBase_T<USBDM::I2c0Info>::~I2cBase_T()
 .text._ZN5USBDM9I2cBase_TINS_8I2c0InfoEE12busHangResetEv
                0x00002020       0x6a ./Sources/i2c-example.o
                0x00002020                USBDM::I2cBase_T<USBDM::I2c0Info>::busHangReset()
 *fill*         0x0000208a        0x2 
 .text._ZN5USBDM9I2cBase_TINS_8I2c0InfoEE4initEh
                0x0000208c       0x70 ./Sources/i2c-example.o
                0x0000208c                USBDM::I2cBase_T<USBDM::I2c0Info>::init(unsigned char)
 .text._ZN5USBDM9I2cBase_TINS_8I2c0InfoEE6setBPSEm
                0x000020fc       0x24 ./Sources/i2c-example.o
                0x000020fc                USBDM::I2cBase_T<USBDM::I2c0Info>::setBPS(unsigned long)
 .text._ZN5USBDM10GpioBase_TILm1024ELm1074044928EL9IRQn_Type41ELm1074786368ELj0ELNS_8PolarityE0EE9setOutputEm
                0x00002120       0x28 ./Sources/i2c-example.o
                0x00002120                USBDM::GpioBase_T<1024ul, 1074044928ul, (IRQn_Type)41, 1074786368ul, 0u, (USBDM::Polarity)0>::setOutput(unsigned long)
 .text._ZN5USBDM10GpioBase_TILm1024ELm1074044928EL9IRQn_Type41ELm1074786368ELj1ELNS_8PolarityE1EE8setInputEm
                0x00002148       0x24 ./Sources/i2c-example.o
                0x00002148                USBDM::GpioBase_T<1024ul, 1074044928ul, (IRQn_Type)41, 1074786368ul, 1u, (USBDM::Polarity)1>::setInput(unsigned long)
 .text._ZN5USBDM10GpioBase_TILm1024ELm1074044928EL9IRQn_Type41ELm1074786368ELj0ELNS_8PolarityE0EE4highEv
                0x0000216c       0x12 ./Sources/i2c-example.o
                0x0000216c                USBDM::GpioBase_T<1024ul, 1074044928ul, (IRQn_Type)41, 1074786368ul, 0u, (USBDM::Polarity)0>::high()
 .text._ZN5USBDM10GpioBase_TILm1024ELm1074044928EL9IRQn_Type41ELm1074786368ELj1ELNS_8PolarityE1EE4readEv
                0x0000217e        0xe ./Sources/i2c-example.o
                0x0000217e                USBDM::GpioBase_T<1024ul, 1074044928ul, (IRQn_Type)41, 1074786368ul, 1u, (USBDM::Polarity)1>::read()
 .text._ZN5USBDM10GpioBase_TILm1024ELm1074044928EL9IRQn_Type41ELm1074786368ELj0ELNS_8PolarityE0EE3lowEv
                0x0000218c       0x12 ./Sources/i2c-example.o
                0x0000218c                USBDM::GpioBase_T<1024ul, 1074044928ul, (IRQn_Type)41, 1074786368ul, 0u, (USBDM::Polarity)0>::low()
 .text._ZN5USBDM10GpioBase_TILm1024ELm1074044928EL9IRQn_Type41ELm1074786368ELj0ELNS_8PolarityE0EE11setInactiveEv
                0x0000219e        0xc ./Sources/i2c-example.o
                0x0000219e                USBDM::GpioBase_T<1024ul, 1074044928ul, (IRQn_Type)41, 1074786368ul, 0u, (USBDM::Polarity)0>::setInactive()
 .text._ZN5USBDM10GpioBase_TILm1024ELm1074044928EL9IRQn_Type41ELm1074786368ELj0ELNS_8PolarityE0EE6setOutEv
                0x000021aa       0x16 ./Sources/i2c-example.o
                0x000021aa                USBDM::GpioBase_T<1024ul, 1074044928ul, (IRQn_Type)41, 1074786368ul, 0u, (USBDM::Polarity)0>::setOut()
 .text._ZN5USBDM5Pcr_TILm1024ELm1074044928EL9IRQn_Type41ELi0ELm256EE6setPCREm
                0x000021c0       0x22 ./Sources/i2c-example.o
                0x000021c0                USBDM::Pcr_T<1024ul, 1074044928ul, (IRQn_Type)41, 0, 256ul>::setPCR(unsigned long)
 .text._ZN5USBDM10GpioBase_TILm1024ELm1074044928EL9IRQn_Type41ELm1074786368ELj1ELNS_8PolarityE1EE5setInEv
                0x000021e2       0x16 ./Sources/i2c-example.o
                0x000021e2                USBDM::GpioBase_T<1024ul, 1074044928ul, (IRQn_Type)41, 1074786368ul, 1u, (USBDM::Polarity)1>::setIn()
 .text._ZN5USBDM5Pcr_TILm1024ELm1074044928EL9IRQn_Type41ELi1ELm256EE6setPCREm
                0x000021f8       0x22 ./Sources/i2c-example.o
                0x000021f8                USBDM::Pcr_T<1024ul, 1074044928ul, (IRQn_Type)41, 1, 256ul>::setPCR(unsigned long)
 *fill*         0x0000221a        0x2 
 .text._ZN5USBDM10GpioBase_TILm1024ELm1074044928EL9IRQn_Type41ELm1074786368ELj0ELNS_8PolarityE0EE4gpioEv
                0x0000221c       0x14 ./Sources/i2c-example.o
                0x0000221c                USBDM::GpioBase_T<1024ul, 1074044928ul, (IRQn_Type)41, 1074786368ul, 0u, (USBDM::Polarity)0>::gpio()
 .text._ZN5USBDM10GpioBase_TILm1024ELm1074044928EL9IRQn_Type41ELm1074786368ELj1ELNS_8PolarityE1EE6isHighEv
                0x00002230       0x1e ./Sources/i2c-example.o
                0x00002230                USBDM::GpioBase_T<1024ul, 1074044928ul, (IRQn_Type)41, 1074786368ul, 1u, (USBDM::Polarity)1>::isHigh()
 .text._ZN5USBDM10GpioBase_TILm1024ELm1074044928EL9IRQn_Type41ELm1074786368ELj0ELNS_8PolarityE0EE3setEv
                0x0000224e       0x12 ./Sources/i2c-example.o
                0x0000224e                USBDM::GpioBase_T<1024ul, 1074044928ul, (IRQn_Type)41, 1074786368ul, 0u, (USBDM::Polarity)0>::set()
 .text._ZN5USBDM5Pcr_TILm1024ELm1074044928EL9IRQn_Type41ELi0ELm256EE6pcrRegEv
                0x00002260       0x14 ./Sources/i2c-example.o
                0x00002260                USBDM::Pcr_T<1024ul, 1074044928ul, (IRQn_Type)41, 0, 256ul>::pcrReg()
 .text._ZN5USBDM10GpioBase_TILm1024ELm1074044928EL9IRQn_Type41ELm1074786368ELj1ELNS_8PolarityE1EE4gpioEv
                0x00002274       0x14 ./Sources/i2c-example.o
                0x00002274                USBDM::GpioBase_T<1024ul, 1074044928ul, (IRQn_Type)41, 1074786368ul, 1u, (USBDM::Polarity)1>::gpio()
 .text._ZN5USBDM5Pcr_TILm1024ELm1074044928EL9IRQn_Type41ELi1ELm256EE6pcrRegEv
                0x00002288       0x14 ./Sources/i2c-example.o
                0x00002288                USBDM::Pcr_T<1024ul, 1074044928ul, (IRQn_Type)41, 1, 256ul>::pcrReg()
 .text._ZN5USBDM3I2c13waitWhileBusyEv
                0x0000229c       0x44 ./Sources/i2c.o
                0x0000229c                USBDM::I2c::waitWhileBusy()
 .text._ZN5USBDM3I2c11getBPSValueEmm
                0x000022e0       0xb4 ./Sources/i2c.o
                0x000022e0                USBDM::I2c::getBPSValue(unsigned long, unsigned long)
 .text._ZN5USBDM3I2c11sendAddressEh
                0x00002394       0x62 ./Sources/i2c.o
                0x00002394                USBDM::I2c::sendAddress(unsigned char)
 .text._ZN5USBDM3I2c4pollEv
                0x000023f6      0x228 ./Sources/i2c.o
                0x000023f6                USBDM::I2c::poll()
 .text._ZN5USBDM3I2c8transmitEhtPKh
                0x0000261e       0x50 ./Sources/i2c.o
                0x0000261e                USBDM::I2c::transmit(unsigned char, unsigned short, unsigned char const*)
 .text._ZN5USBDM3I2c7receiveEhtPh
                0x0000266e       0x56 ./Sources/i2c.o
                0x0000266e                USBDM::I2c::receive(unsigned char, unsigned short, unsigned char*)
 .text._ZN5USBDM3I2c4txRxEhtPKhtPh
                0x000026c4       0x56 ./Sources/i2c.o
                0x000026c4                USBDM::I2c::txRx(unsigned char, unsigned short, unsigned char const*, unsigned short, unsigned char*)
 .text._ZN5USBDM3I2c4txRxEhttPh
                0x0000271a       0x38 ./Sources/i2c.o
                0x0000271a                USBDM::I2c::txRx(unsigned char, unsigned short, unsigned short, unsigned char*)
 .text.cpp_initialise
                0x00002752        0xc ./Sources/usbdmError.o
                0x00002752                cpp_initialise
 .text.__aeabi_atexit
                0x0000275e        0xa c:/program files (x86)/eclipse foundation/eclipse cdt/gnu tools arm embedded/8 2018-q4-major/bin/../lib/gcc/arm-none-eabi/8.2.1/../../../../arm-none-eabi/lib/thumb/v7e-m/nofp\libstdc++_nano.a(atexit_arm.o)
                0x0000275e                __aeabi_atexit
 .text._ZdlPvj  0x00002768        0x4 c:/program files (x86)/eclipse foundation/eclipse cdt/gnu tools arm embedded/8 2018-q4-major/bin/../lib/gcc/arm-none-eabi/8.2.1/../../../../arm-none-eabi/lib/thumb/v7e-m/nofp\libstdc++_nano.a(del_ops.o)
                0x00002768                operator delete(void*, unsigned int)
 .text._ZdlPv   0x0000276c        0x4 c:/program files (x86)/eclipse foundation/eclipse cdt/gnu tools arm embedded/8 2018-q4-major/bin/../lib/gcc/arm-none-eabi/8.2.1/../../../../arm-none-eabi/lib/thumb/v7e-m/nofp\libstdc++_nano.a(del_op.o)
                0x0000276c                operator delete(void*)
 .text.__cxa_atexit
                0x00002770       0x1c c:/program files (x86)/eclipse foundation/eclipse cdt/gnu tools arm embedded/8 2018-q4-major/bin/../lib/gcc/arm-none-eabi/8.2.1/../../../../arm-none-eabi/lib/thumb/v7e-m/nofp\libg_nano.a(lib_a-cxa_atexit.o)
                0x00002770                __cxa_atexit
 .text.exit     0x0000278c       0x28 c:/program files (x86)/eclipse foundation/eclipse cdt/gnu tools arm embedded/8 2018-q4-major/bin/../lib/gcc/arm-none-eabi/8.2.1/../../../../arm-none-eabi/lib/thumb/v7e-m/nofp\libg_nano.a(lib_a-exit.o)
                0x0000278c                exit
 .text.__libc_init_array
                0x000027b4       0x48 c:/program files (x86)/eclipse foundation/eclipse cdt/gnu tools arm embedded/8 2018-q4-major/bin/../lib/gcc/arm-none-eabi/8.2.1/../../../../arm-none-eabi/lib/thumb/v7e-m/nofp\libg_nano.a(lib_a-init.o)
                0x000027b4                __libc_init_array
 .text.free     0x000027fc       0x10 c:/program files (x86)/eclipse foundation/eclipse cdt/gnu tools arm embedded/8 2018-q4-major/bin/../lib/gcc/arm-none-eabi/8.2.1/../../../../arm-none-eabi/lib/thumb/v7e-m/nofp\libg_nano.a(lib_a-malloc.o)
                0x000027fc                free
 .text.memset   0x0000280c       0x10 c:/program files (x86)/eclipse foundation/eclipse cdt/gnu tools arm embedded/8 2018-q4-major/bin/../lib/gcc/arm-none-eabi/8.2.1/../../../../arm-none-eabi/lib/thumb/v7e-m/nofp\libg_nano.a(lib_a-memset.o)
                0x0000280c                memset
 .text._free_r  0x0000281c       0x9c c:/program files (x86)/eclipse foundation/eclipse cdt/gnu tools arm embedded/8 2018-q4-major/bin/../lib/gcc/arm-none-eabi/8.2.1/../../../../arm-none-eabi/lib/thumb/v7e-m/nofp\libg_nano.a(lib_a-nano-freer.o)
                0x0000281c                _free_r
 .text.__malloc_lock
                0x000028b8        0xc c:/program files (x86)/eclipse foundation/eclipse cdt/gnu tools arm embedded/8 2018-q4-major/bin/../lib/gcc/arm-none-eabi/8.2.1/../../../../arm-none-eabi/lib/thumb/v7e-m/nofp\libg_nano.a(lib_a-mlock.o)
                0x000028b8                __malloc_lock
 .text.__malloc_unlock
                0x000028c4        0xc c:/program files (x86)/eclipse foundation/eclipse cdt/gnu tools arm embedded/8 2018-q4-major/bin/../lib/gcc/arm-none-eabi/8.2.1/../../../../arm-none-eabi/lib/thumb/v7e-m/nofp\libg_nano.a(lib_a-mlock.o)
                0x000028c4                __malloc_unlock
 .text.__retarget_lock_acquire_recursive
                0x000028d0        0x2 c:/program files (x86)/eclipse foundation/eclipse cdt/gnu tools arm embedded/8 2018-q4-major/bin/../lib/gcc/arm-none-eabi/8.2.1/../../../../arm-none-eabi/lib/thumb/v7e-m/nofp\libg_nano.a(lib_a-lock.o)
                0x000028d0                __retarget_lock_acquire_recursive
 .text.__retarget_lock_release_recursive
                0x000028d2        0x2 c:/program files (x86)/eclipse foundation/eclipse cdt/gnu tools arm embedded/8 2018-q4-major/bin/../lib/gcc/arm-none-eabi/8.2.1/../../../../arm-none-eabi/lib/thumb/v7e-m/nofp\libg_nano.a(lib_a-lock.o)
                0x000028d2                __retarget_lock_release_recursive
 *(.rodata)
 .rodata        0x000028d4      0x102 ./Startup_Code/vectors.o
 *(.rodata*)
 *fill*         0x000029d6        0x2 
 .rodata._ZTVN5USBDM11Uart_brfa_TINS_9Uart0InfoEEE
                0x000029d8       0x2c ./Startup_Code/console.o
                0x000029d8                vtable for USBDM::Uart_brfa_T<USBDM::Uart0Info>
 .rodata._ZTVN5USBDM6Uart_TINS_9Uart0InfoEEE
                0x00002a04       0x2c ./Startup_Code/console.o
                0x00002a04                vtable for USBDM::Uart_T<USBDM::Uart0Info>
 .rodata._ZTVN5USBDM4UartE
                0x00002a30       0x2c ./Startup_Code/console.o
                0x00002a30                vtable for USBDM::Uart
 .rodata._ZTVN5USBDM11FormattedIOE
                0x00002a5c       0x24 ./Startup_Code/console.o
                0x00002a5c                vtable for USBDM::FormattedIO
 .rodata._ZN5USBDM3Mcg9clockInfoE
                0x00002a80       0x3c ./Startup_Code/mcg.o
                0x00002a80                USBDM::Mcg::clockInfo
 .rodata._ZN5USBDML20clockTransitionTableE
                0x00002abc       0x40 ./Startup_Code/mcg.o
 .rodata._ZZ4mainE6txData
                0x00002afc        0x4 ./Sources/i2c-example.o
 .rodata._ZZ4mainE4data
                0x00002b00        0x4 ./Sources/i2c-example.o
 .rodata._ZTVN5USBDM9I2cBase_TINS_8I2c0InfoEEE
                0x00002b04       0x20 ./Sources/i2c-example.o
                0x00002b04                vtable for USBDM::I2cBase_T<USBDM::I2c0Info>
 .rodata._ZN5USBDM3I2c12I2C_DIVISORSE
                0x00002b24       0x80 ./Sources/i2c.o
                0x00002b24                USBDM::I2c::I2C_DIVISORS
 .rodata._ZTVN5USBDM3I2cE
                0x00002ba4       0x18 ./Sources/i2c.o
                0x00002ba4                vtable for USBDM::I2c
 .rodata._global_impure_ptr
                0x00002bbc        0x4 c:/program files (x86)/eclipse foundation/eclipse cdt/gnu tools arm embedded/8 2018-q4-major/bin/../lib/gcc/arm-none-eabi/8.2.1/../../../../arm-none-eabi/lib/thumb/v7e-m/nofp\libg_nano.a(lib_a-impure.o)
                0x00002bbc                _global_impure_ptr
 *(.init)
 .init          0x00002bc0        0x4 c:/program files (x86)/eclipse foundation/eclipse cdt/gnu tools arm embedded/8 2018-q4-major/bin/../lib/gcc/arm-none-eabi/8.2.1/thumb/v7e-m/nofp/crti.o
                0x00002bc0                _init
 .init          0x00002bc4        0x8 c:/program files (x86)/eclipse foundation/eclipse cdt/gnu tools arm embedded/8 2018-q4-major/bin/../lib/gcc/arm-none-eabi/8.2.1/thumb/v7e-m/nofp/crtn.o
 *(.fini)
 .fini          0x00002bcc        0x4 c:/program files (x86)/eclipse foundation/eclipse cdt/gnu tools arm embedded/8 2018-q4-major/bin/../lib/gcc/arm-none-eabi/8.2.1/thumb/v7e-m/nofp/crti.o
                0x00002bcc                _fini
 .fini          0x00002bd0        0x8 c:/program files (x86)/eclipse foundation/eclipse cdt/gnu tools arm embedded/8 2018-q4-major/bin/../lib/gcc/arm-none-eabi/8.2.1/thumb/v7e-m/nofp/crtn.o
                0x00002bd8                __CTOR_LIST__ = .
 *crtbegin.o(.ctors)
 *crtbegin?.o(.ctors)
 *(EXCLUDE_FILE(*crtend.o *crtend?.o) .ctors)
 *(SORT_BY_NAME(.ctors.*))
 *(.ctors)
                0x00002bd8                __CTOR_END__ = .
                0x00002bd8                __DTOR_LIST__ = .
 *crtbegin.o(.dtors)
 *crtbegin?.o(.dtors)
 *(EXCLUDE_FILE(*crtend.o *crtend?.o) .dtors)
 *(SORT_BY_NAME(.dtors.*))
 *(.dtors)
                0x00002bd8                __DTOR_END__ = .
                0x00002bd8                . = ALIGN (0x4)
                0x00002bd8                PROVIDE (__preinit_array_start = .)
 *(.preinit_array*)
                0x00002bd8                PROVIDE (__preinit_array_end = .)
                0x00002bd8                . = ALIGN (0x4)
                0x00002bd8                PROVIDE (__init_array_start = .)
 *(SORT_BY_NAME(.init_array.*))
 *(.init_array*)
 .init_array    0x00002bd8        0x4 c:/program files (x86)/eclipse foundation/eclipse cdt/gnu tools arm embedded/8 2018-q4-major/bin/../lib/gcc/arm-none-eabi/8.2.1/thumb/v7e-m/nofp/crtbegin.o
 .init_array    0x00002bdc        0x4 ./Startup_Code/console.o
 .init_array    0x00002be0        0x4 ./Startup_Code/system.o
 .init_array    0x00002be4        0x4 ./Sources/usbdmError.o
                0x00002be8                PROVIDE (__init_array_end = .)
                0x00002be8                . = ALIGN (0x4)
                [!provide]                PROVIDE (__fini_array_start = .)
 *(SORT_BY_NAME(.fini_array.*))
 *(.fini_array*)
 .fini_array    0x00002be8        0x4 c:/program files (x86)/eclipse foundation/eclipse cdt/gnu tools arm embedded/8 2018-q4-major/bin/../lib/gcc/arm-none-eabi/8.2.1/thumb/v7e-m/nofp/crtbegin.o
                [!provide]                PROVIDE (__fini_array_end = .)
 *(.jcr*)
 *(.rodata*)
 *(.eh_frame*)
 .eh_frame      0x00002bec        0x0 c:/program files (x86)/eclipse foundation/eclipse cdt/gnu tools arm embedded/8 2018-q4-major/bin/../lib/gcc/arm-none-eabi/8.2.1/thumb/v7e-m/nofp/crtbegin.o
 .eh_frame      0x00002bec        0x4 c:/program files (x86)/eclipse foundation/eclipse cdt/gnu tools arm embedded/8 2018-q4-major/bin/../lib/gcc/arm-none-eabi/8.2.1/thumb/v7e-m/nofp/crtend.o

.glue_7         0x00002bf0        0x0
 .glue_7        0x00002bf0        0x0 linker stubs

.glue_7t        0x00002bf0        0x0
 .glue_7t       0x00002bf0        0x0 linker stubs

.vfp11_veneer   0x00002bf0        0x0
 .vfp11_veneer  0x00002bf0        0x0 linker stubs

.v4_bx          0x00002bf0        0x0
 .v4_bx         0x00002bf0        0x0 linker stubs

.iplt           0x00002bf0        0x0
 .iplt          0x00002bf0        0x0 c:/program files (x86)/eclipse foundation/eclipse cdt/gnu tools arm embedded/8 2018-q4-major/bin/../lib/gcc/arm-none-eabi/8.2.1/thumb/v7e-m/nofp/crtbegin.o

.ARM.extab
 *(.ARM.extab* .gnu.linkonce.armextab.*)
                0x00002bf0                __exidx_start = .

.ARM.exidx      0x00002bf0        0x8
 *(.ARM.exidx* .gnu.linkonce.armexidx.*)
 .ARM.exidx     0x00002bf0        0x8 c:/program files (x86)/eclipse foundation/eclipse cdt/gnu tools arm embedded/8 2018-q4-major/bin/../lib/gcc/arm-none-eabi/8.2.1/../../../../arm-none-eabi/lib/thumb/v7e-m/nofp/crt0.o
 .ARM.exidx     0x00002bf8        0x0 c:/program files (x86)/eclipse foundation/eclipse cdt/gnu tools arm embedded/8 2018-q4-major/bin/../lib/gcc/arm-none-eabi/8.2.1/thumb/v7e-m/nofp\libgcc.a(_udivmoddi4.o)
                                  0x8 (size before relaxing)
                0x00002bf8                __exidx_end = .

.rel.dyn        0x00002bf8        0x0
 .rel.iplt      0x00002bf8        0x0 c:/program files (x86)/eclipse foundation/eclipse cdt/gnu tools arm embedded/8 2018-q4-major/bin/../lib/gcc/arm-none-eabi/8.2.1/thumb/v7e-m/nofp/crtbegin.o

.flash          0x00002bf8        0x0
                0x00002bf8                . = ALIGN (0x4)
 *(.flash)
                0x00002bf8                __etext = .
                0x00002bf8                __DATA_ROM = .

.mtb            0x1fffe000        0x0
                0x1fffe000                . = ALIGN (0x8)
                0x1fffe000                _mtb_start = .
 *(.mtb_buf)
                0x1fffe000                . = ALIGN (0x8)
                0x1fffe000                _mtb_end = .

.interrupts_ram
                0x1fffe000        0x0
                0x1fffe000                . = ALIGN (0x4)
                0x1fffe000                __VECTOR_RAM__ = .
                0x1fffe000                __interrupts_ram_start__ = .
 *(.m_interrupts_ram)
                0x1fffe000                . = (. + M_VECTOR_RAM_SIZE)
                0x1fffe000                . = ALIGN (0x4)
                0x1fffe000                __interrupts_ram_end__ = .
                0x00000000                __VECTOR_RAM = DEFINED (__ram_vector_table__)?__VECTOR_RAM__:__VECTOR_TABLE
                0x00000000                __RAM_VECTOR_TABLE_SIZE_BYTES = (__interrupts_ram_end__ - __interrupts_ram_start__)

.bdts
 *(.bss*endPointBdts*)

.data           0x1fffe000       0x70 load address 0x00002bf8
                0x1fffe000                __data_start__ = .
                0x1fffe000                __DATA_RAM = .
 *(vtable)
 *(.data*)
 .data          0x1fffe000        0x4 c:/program files (x86)/eclipse foundation/eclipse cdt/gnu tools arm embedded/8 2018-q4-major/bin/../lib/gcc/arm-none-eabi/8.2.1/thumb/v7e-m/nofp/crtbegin.o
                0x1fffe000                __dso_handle
 .data.SystemCoreClock
                0x1fffe004        0x4 ./Startup_Code/system.o
                0x1fffe004                SystemCoreClock
 .data.SystemBusClock
                0x1fffe008        0x4 ./Startup_Code/system.o
                0x1fffe008                SystemBusClock
 .data._impure_ptr
                0x1fffe00c        0x4 c:/program files (x86)/eclipse foundation/eclipse cdt/gnu tools arm embedded/8 2018-q4-major/bin/../lib/gcc/arm-none-eabi/8.2.1/../../../../arm-none-eabi/lib/thumb/v7e-m/nofp\libg_nano.a(lib_a-impure.o)
                0x1fffe00c                _impure_ptr
 .data.impure_data
                0x1fffe010       0x60 c:/program files (x86)/eclipse foundation/eclipse cdt/gnu tools arm embedded/8 2018-q4-major/bin/../lib/gcc/arm-none-eabi/8.2.1/../../../../arm-none-eabi/lib/thumb/v7e-m/nofp\libg_nano.a(lib_a-impure.o)
                0x1fffe070                . = ALIGN (0x4)
                0x1fffe070                __data_end__ = .
                0x00002c68                __DATA_END = (__DATA_ROM + SIZEOF (.data))

.igot.plt       0x1fffe070        0x0 load address 0x00002c68
 .igot.plt      0x1fffe070        0x0 c:/program files (x86)/eclipse foundation/eclipse cdt/gnu tools arm embedded/8 2018-q4-major/bin/../lib/gcc/arm-none-eabi/8.2.1/thumb/v7e-m/nofp/crtbegin.o

.noinit         0x1fffe070        0x0
                0x1fffe070                . = ALIGN (0x4)
 *(.noinit)

.bss            0x1fffe070       0x68 load address 0x00002c68
                0x1fffe070                . = ALIGN (0x4)
                0x1fffe070                __START_BSS = .
                0x1fffe070                __bss_start__ = .
 *(.bss)
 .bss           0x1fffe070       0x1c c:/program files (x86)/eclipse foundation/eclipse cdt/gnu tools arm embedded/8 2018-q4-major/bin/../lib/gcc/arm-none-eabi/8.2.1/thumb/v7e-m/nofp/crtbegin.o
 *(.bss*)
 .bss._ZN5USBDM7consoleE
                0x1fffe08c       0x18 ./Startup_Code/console.o
                0x1fffe08c                USBDM::console
 .bss._ZN5USBDM16SystemMcgffClockE
                0x1fffe0a4        0x4 ./Startup_Code/mcg.o
                0x1fffe0a4                USBDM::SystemMcgffClock
 .bss._ZN5USBDM17SystemMcgOutClockE
                0x1fffe0a8        0x4 ./Startup_Code/mcg.o
                0x1fffe0a8                USBDM::SystemMcgOutClock
 .bss._ZN5USBDM17SystemMcgFllClockE
                0x1fffe0ac        0x4 ./Startup_Code/mcg.o
                0x1fffe0ac                USBDM::SystemMcgFllClock
 .bss._ZN5USBDM17SystemMcgPllClockE
                0x1fffe0b0        0x4 ./Startup_Code/mcg.o
                0x1fffe0b0                USBDM::SystemMcgPllClock
 .bss._ZN5USBDM14SystemLpoClockE
                0x1fffe0b4        0x4 ./Startup_Code/mcg.o
                0x1fffe0b4                USBDM::SystemLpoClock
 .bss._ZN5USBDM3Mcg16currentClockModeE
                0x1fffe0b8        0x1 ./Startup_Code/mcg.o
                0x1fffe0b8                USBDM::Mcg::currentClockMode
 *fill*         0x1fffe0b9        0x3 
 .bss._ZZ4mainE4data_0
                0x1fffe0bc        0x4 ./Sources/i2c-example.o
 .bss._ZN5USBDM9I2cBase_TINS_8I2c0InfoEE7thisPtrE
                0x1fffe0c0        0x4 ./Sources/i2c-example.o
                0x1fffe0c0                USBDM::I2cBase_T<USBDM::I2c0Info>::thisPtr
 .bss._ZN5USBDM9errorCodeE
                0x1fffe0c4        0x4 ./Sources/usbdmError.o
                0x1fffe0c4                USBDM::errorCode
 .bss.__malloc_free_list
                0x1fffe0c8        0x4 c:/program files (x86)/eclipse foundation/eclipse cdt/gnu tools arm embedded/8 2018-q4-major/bin/../lib/gcc/arm-none-eabi/8.2.1/../../../../arm-none-eabi/lib/thumb/v7e-m/nofp\libg_nano.a(lib_a-nano-mallocr.o)
                0x1fffe0c8                __malloc_free_list
 *(COMMON)
 COMMON         0x1fffe0cc        0x9 c:/program files (x86)/eclipse foundation/eclipse cdt/gnu tools arm embedded/8 2018-q4-major/bin/../lib/gcc/arm-none-eabi/8.2.1/../../../../arm-none-eabi/lib/thumb/v7e-m/nofp\libg_nano.a(lib_a-lock.o)
                0x1fffe0cc                __lock___atexit_recursive_mutex
                0x1fffe0cd                __lock___arc4random_mutex
                0x1fffe0ce                __lock___env_recursive_mutex
                0x1fffe0cf                __lock___sinit_recursive_mutex
                0x1fffe0d0                __lock___malloc_recursive_mutex
                0x1fffe0d1                __lock___at_quick_exit_mutex
                0x1fffe0d2                __lock___dd_hash_mutex
                0x1fffe0d3                __lock___tz_mutex
                0x1fffe0d4                __lock___sfp_recursive_mutex
                0x1fffe0d8                . = ALIGN (0x4)
 *fill*         0x1fffe0d5        0x3 
                0x1fffe0d8                __bss_end__ = .
                0x1fffe0d8                __END_BSS = .

.heap           0x1fffe0d8     0x1000 load address 0x00002cd0
                0x1fffe0d8                . = ALIGN (0x4)
                [!provide]                PROVIDE (__end__ = .)
                [!provide]                PROVIDE (end = .)
                [!provide]                PROVIDE (_end = .)
                0x1fffe0d8                __HeapBase = .
                0x1fffe0d8                __heap_addr = .
                0x1ffff0d8                . = (. + __heap_size__)
 *fill*         0x1fffe0d8     0x1000 
                0x1fffffff                __HeapLimit = MIN (ABSOLUTE (((ORIGIN (heap_ram) + LENGTH (heap_ram)) - 0x1)), __StackLimit)
                [!provide]                PROVIDE (__sram_u_size = 0x0)

.stack          0x20000000     0x2000
                0x20000ffd                . = MAX (., ABSOLUTE (((((ORIGIN (stack_ram) + LENGTH (stack_ram)) - __stack_size__) - __sram_u_size) - 0x3)))
 *fill*         0x20000000      0xffd 
                0x20001000                . = ALIGN (0x4)
 *fill*         0x20000ffd        0x3 
                0x20001000                __StackLimit = .
                0x20002000                . = (. + __stack_size__)
 *fill*         0x20001000     0x1000 
                0x20002000                __StackTop = .

.flexRAM        0x14000000        0x0
                0x14000000                . = ALIGN (0x4)
 *(.flexRAM)

.flexNVM        0x10000000        0x0
                0x10000000                . = ALIGN (0x4)
 *(.flexNVM)

.sram_u
 *(.sram_u)

.bitband        0x22000000    0x40000
                0x00040000                . = (ORIGIN (bitband) + ((((ORIGIN (sram_u_ram) + LENGTH (sram_u_ram)) - __sram_u_size) & 0xffffff) * 0x20))
 *fill*         0x22000000    0x40000 
 *(.bitband)
                0x20002000                PROVIDE (__stack = __StackTop)
                [!provide]                PROVIDE (__cs3_stack = __StackTop)
                [!provide]                PROVIDE (_write = _usbdm_write)
                [!provide]                PROVIDE (_read = _usbdm_read)
OUTPUT(Lab5_Section2.elf elf32-littlearm)

.ARM.attributes
                0x00000000       0x2a
 .ARM.attributes
                0x00000000       0x1e c:/program files (x86)/eclipse foundation/eclipse cdt/gnu tools arm embedded/8 2018-q4-major/bin/../lib/gcc/arm-none-eabi/8.2.1/thumb/v7e-m/nofp/crti.o
 .ARM.attributes
                0x0000001e       0x2e c:/program files (x86)/eclipse foundation/eclipse cdt/gnu tools arm embedded/8 2018-q4-major/bin/../lib/gcc/arm-none-eabi/8.2.1/thumb/v7e-m/nofp/crtbegin.o
 .ARM.attributes
                0x0000004c       0x1c c:/program files (x86)/eclipse foundation/eclipse cdt/gnu tools arm embedded/8 2018-q4-major/bin/../lib/gcc/arm-none-eabi/8.2.1/../../../../arm-none-eabi/lib/thumb/v7e-m/nofp/crt0.o
 .ARM.attributes
                0x00000068       0x2e ./Startup_Code/console.o
 .ARM.attributes
                0x00000096       0x2e ./Startup_Code/mcg.o
 .ARM.attributes
                0x000000c4       0x2e ./Startup_Code/newlib_stubs.o
 .ARM.attributes
                0x000000f2       0x33 ./Startup_Code/security.o
 .ARM.attributes
                0x00000125       0x1b ./Startup_Code/startup_ARMLtdGCC.o
 .ARM.attributes
                0x00000140       0x2e ./Startup_Code/system-gcc.o
 .ARM.attributes
                0x0000016e       0x2e ./Startup_Code/system.o
 .ARM.attributes
                0x0000019c       0x2e ./Startup_Code/vectors.o
 .ARM.attributes
                0x000001ca       0x2e ./Sources/delay.o
 .ARM.attributes
                0x000001f8       0x2e ./Sources/i2c-example.o
 .ARM.attributes
                0x00000226       0x2e ./Sources/i2c.o
 .ARM.attributes
                0x00000254       0x2e ./Sources/usbdmError.o
 .ARM.attributes
                0x00000282       0x2e c:/program files (x86)/eclipse foundation/eclipse cdt/gnu tools arm embedded/8 2018-q4-major/bin/../lib/gcc/arm-none-eabi/8.2.1/../../../../arm-none-eabi/lib/thumb/v7e-m/nofp\libstdc++_nano.a(atexit_arm.o)
 .ARM.attributes
                0x000002b0       0x2e c:/program files (x86)/eclipse foundation/eclipse cdt/gnu tools arm embedded/8 2018-q4-major/bin/../lib/gcc/arm-none-eabi/8.2.1/../../../../arm-none-eabi/lib/thumb/v7e-m/nofp\libstdc++_nano.a(del_ops.o)
 .ARM.attributes
                0x000002de       0x2e c:/program files (x86)/eclipse foundation/eclipse cdt/gnu tools arm embedded/8 2018-q4-major/bin/../lib/gcc/arm-none-eabi/8.2.1/../../../../arm-none-eabi/lib/thumb/v7e-m/nofp\libstdc++_nano.a(del_op.o)
 .ARM.attributes
                0x0000030c       0x1e c:/program files (x86)/eclipse foundation/eclipse cdt/gnu tools arm embedded/8 2018-q4-major/bin/../lib/gcc/arm-none-eabi/8.2.1/thumb/v7e-m/nofp\libgcc.a(_aeabi_uldivmod.o)
 .ARM.attributes
                0x0000032a       0x2e c:/program files (x86)/eclipse foundation/eclipse cdt/gnu tools arm embedded/8 2018-q4-major/bin/../lib/gcc/arm-none-eabi/8.2.1/thumb/v7e-m/nofp\libgcc.a(_udivmoddi4.o)
 .ARM.attributes
                0x00000358       0x1e c:/program files (x86)/eclipse foundation/eclipse cdt/gnu tools arm embedded/8 2018-q4-major/bin/../lib/gcc/arm-none-eabi/8.2.1/thumb/v7e-m/nofp\libgcc.a(_dvmd_tls.o)
 .ARM.attributes
                0x00000376       0x2e c:/program files (x86)/eclipse foundation/eclipse cdt/gnu tools arm embedded/8 2018-q4-major/bin/../lib/gcc/arm-none-eabi/8.2.1/../../../../arm-none-eabi/lib/thumb/v7e-m/nofp\libg_nano.a(lib_a-cxa_atexit.o)
 .ARM.attributes
                0x000003a4       0x2e c:/program files (x86)/eclipse foundation/eclipse cdt/gnu tools arm embedded/8 2018-q4-major/bin/../lib/gcc/arm-none-eabi/8.2.1/../../../../arm-none-eabi/lib/thumb/v7e-m/nofp\libg_nano.a(lib_a-exit.o)
 .ARM.attributes
                0x000003d2       0x2e c:/program files (x86)/eclipse foundation/eclipse cdt/gnu tools arm embedded/8 2018-q4-major/bin/../lib/gcc/arm-none-eabi/8.2.1/../../../../arm-none-eabi/lib/thumb/v7e-m/nofp\libg_nano.a(lib_a-impure.o)
 .ARM.attributes
                0x00000400       0x2e c:/program files (x86)/eclipse foundation/eclipse cdt/gnu tools arm embedded/8 2018-q4-major/bin/../lib/gcc/arm-none-eabi/8.2.1/../../../../arm-none-eabi/lib/thumb/v7e-m/nofp\libg_nano.a(lib_a-init.o)
 .ARM.attributes
                0x0000042e       0x2e c:/program files (x86)/eclipse foundation/eclipse cdt/gnu tools arm embedded/8 2018-q4-major/bin/../lib/gcc/arm-none-eabi/8.2.1/../../../../arm-none-eabi/lib/thumb/v7e-m/nofp\libg_nano.a(lib_a-malloc.o)
 .ARM.attributes
                0x0000045c       0x2e c:/program files (x86)/eclipse foundation/eclipse cdt/gnu tools arm embedded/8 2018-q4-major/bin/../lib/gcc/arm-none-eabi/8.2.1/../../../../arm-none-eabi/lib/thumb/v7e-m/nofp\libg_nano.a(lib_a-memset.o)
 .ARM.attributes
                0x0000048a       0x2e c:/program files (x86)/eclipse foundation/eclipse cdt/gnu tools arm embedded/8 2018-q4-major/bin/../lib/gcc/arm-none-eabi/8.2.1/../../../../arm-none-eabi/lib/thumb/v7e-m/nofp\libg_nano.a(lib_a-nano-freer.o)
 .ARM.attributes
                0x000004b8       0x2e c:/program files (x86)/eclipse foundation/eclipse cdt/gnu tools arm embedded/8 2018-q4-major/bin/../lib/gcc/arm-none-eabi/8.2.1/../../../../arm-none-eabi/lib/thumb/v7e-m/nofp\libg_nano.a(lib_a-nano-mallocr.o)
 .ARM.attributes
                0x000004e6       0x2e c:/program files (x86)/eclipse foundation/eclipse cdt/gnu tools arm embedded/8 2018-q4-major/bin/../lib/gcc/arm-none-eabi/8.2.1/../../../../arm-none-eabi/lib/thumb/v7e-m/nofp\libg_nano.a(lib_a-mlock.o)
 .ARM.attributes
                0x00000514       0x2e c:/program files (x86)/eclipse foundation/eclipse cdt/gnu tools arm embedded/8 2018-q4-major/bin/../lib/gcc/arm-none-eabi/8.2.1/../../../../arm-none-eabi/lib/thumb/v7e-m/nofp\libg_nano.a(lib_a-lock.o)
 .ARM.attributes
                0x00000542       0x2e c:/program files (x86)/eclipse foundation/eclipse cdt/gnu tools arm embedded/8 2018-q4-major/bin/../lib/gcc/arm-none-eabi/8.2.1/thumb/v7e-m/nofp/crtend.o
 .ARM.attributes
                0x00000570       0x1e c:/program files (x86)/eclipse foundation/eclipse cdt/gnu tools arm embedded/8 2018-q4-major/bin/../lib/gcc/arm-none-eabi/8.2.1/thumb/v7e-m/nofp/crtn.o

.comment        0x00000000       0x75
 .comment       0x00000000       0x75 ./Startup_Code/console.o
                                 0x76 (size before relaxing)
 .comment       0x00000075       0x76 ./Startup_Code/mcg.o
 .comment       0x00000075       0x76 ./Startup_Code/newlib_stubs.o
 .comment       0x00000075       0x76 ./Startup_Code/security.o
 .comment       0x00000075       0x76 ./Startup_Code/system-gcc.o
 .comment       0x00000075       0x76 ./Startup_Code/system.o
 .comment       0x00000075       0x76 ./Startup_Code/vectors.o
 .comment       0x00000075       0x76 ./Sources/delay.o
 .comment       0x00000075       0x76 ./Sources/i2c-example.o
 .comment       0x00000075       0x76 ./Sources/i2c.o
 .comment       0x00000075       0x76 ./Sources/usbdmError.o

.debug_info     0x00000000    0x87844
 .debug_info    0x00000000    0x10d8b ./Startup_Code/console.o
 .debug_info    0x00010d8b     0xff3e ./Startup_Code/mcg.o
 .debug_info    0x00020cc9     0x1071 ./Startup_Code/newlib_stubs.o
 .debug_info    0x00021d3a      0xa0e ./Startup_Code/security.o
 .debug_info    0x00022748       0x26 ./Startup_Code/startup_ARMLtdGCC.o
 .debug_info    0x0002276e     0xf30d ./Startup_Code/system-gcc.o
 .debug_info    0x00031a7b     0xf1b6 ./Startup_Code/system.o
 .debug_info    0x00040c31    0x10279 ./Startup_Code/vectors.o
 .debug_info    0x00050eaa     0x6a99 ./Sources/delay.o
 .debug_info    0x00057943    0x1094e ./Sources/i2c-example.o
 .debug_info    0x00068291     0xf406 ./Sources/i2c.o
 .debug_info    0x00077697    0x101ad ./Sources/usbdmError.o

.debug_abbrev   0x00000000     0x638b
 .debug_abbrev  0x00000000      0xcd8 ./Startup_Code/console.o
 .debug_abbrev  0x00000cd8      0xb44 ./Startup_Code/mcg.o
 .debug_abbrev  0x0000181c      0x328 ./Startup_Code/newlib_stubs.o
 .debug_abbrev  0x00001b44      0x1ce ./Startup_Code/security.o
 .debug_abbrev  0x00001d12       0x14 ./Startup_Code/startup_ARMLtdGCC.o
 .debug_abbrev  0x00001d26      0x926 ./Startup_Code/system-gcc.o
 .debug_abbrev  0x0000264c      0x976 ./Startup_Code/system.o
 .debug_abbrev  0x00002fc2      0xb24 ./Startup_Code/vectors.o
 .debug_abbrev  0x00003ae6      0x5a9 ./Sources/delay.o
 .debug_abbrev  0x0000408f      0xcc8 ./Sources/i2c-example.o
 .debug_abbrev  0x00004d57      0xaaf ./Sources/i2c.o
 .debug_abbrev  0x00005806      0xb85 ./Sources/usbdmError.o

.debug_aranges  0x00000000      0x6c8
 .debug_aranges
                0x00000000      0x170 ./Startup_Code/console.o
 .debug_aranges
                0x00000170       0xe8 ./Startup_Code/mcg.o
 .debug_aranges
                0x00000258       0xb8 ./Startup_Code/newlib_stubs.o
 .debug_aranges
                0x00000310       0x18 ./Startup_Code/security.o
 .debug_aranges
                0x00000328       0x20 ./Startup_Code/startup_ARMLtdGCC.o
 .debug_aranges
                0x00000348       0x30 ./Startup_Code/system-gcc.o
 .debug_aranges
                0x00000378       0x58 ./Startup_Code/system.o
 .debug_aranges
                0x000003d0       0x90 ./Startup_Code/vectors.o
 .debug_aranges
                0x00000460       0x60 ./Sources/delay.o
 .debug_aranges
                0x000004c0      0x120 ./Sources/i2c-example.o
 .debug_aranges
                0x000005e0       0x68 ./Sources/i2c.o
 .debug_aranges
                0x00000648       0x80 ./Sources/usbdmError.o

.debug_ranges   0x00000000      0x5f0
 .debug_ranges  0x00000000      0x160 ./Startup_Code/console.o
 .debug_ranges  0x00000160       0xd8 ./Startup_Code/mcg.o
 .debug_ranges  0x00000238       0xa8 ./Startup_Code/newlib_stubs.o
 .debug_ranges  0x000002e0       0x20 ./Startup_Code/system-gcc.o
 .debug_ranges  0x00000300       0x48 ./Startup_Code/system.o
 .debug_ranges  0x00000348       0x80 ./Startup_Code/vectors.o
 .debug_ranges  0x000003c8       0x50 ./Sources/delay.o
 .debug_ranges  0x00000418      0x110 ./Sources/i2c-example.o
 .debug_ranges  0x00000528       0x58 ./Sources/i2c.o
 .debug_ranges  0x00000580       0x70 ./Sources/usbdmError.o

.debug_macro    0x00000000    0x1162b
 .debug_macro   0x00000000      0x480 ./Startup_Code/console.o
 .debug_macro   0x00000480      0xbc2 ./Startup_Code/console.o
 .debug_macro   0x00001042       0x1c ./Startup_Code/console.o
 .debug_macro   0x0000105e       0x22 ./Startup_Code/console.o
 .debug_macro   0x00001080       0x8e ./Startup_Code/console.o
 .debug_macro   0x0000110e       0x51 ./Startup_Code/console.o
 .debug_macro   0x0000115f       0xef ./Startup_Code/console.o
 .debug_macro   0x0000124e       0x6a ./Startup_Code/console.o
 .debug_macro   0x000012b8      0x1df ./Startup_Code/console.o
 .debug_macro   0x00001497       0x2e ./Startup_Code/console.o
 .debug_macro   0x000014c5       0x3b ./Startup_Code/console.o
 .debug_macro   0x00001500       0x50 ./Startup_Code/console.o
 .debug_macro   0x00001550      0xbc6 ./Startup_Code/console.o
 .debug_macro   0x00002116     0x83ec ./Startup_Code/console.o
 .debug_macro   0x0000a502       0x26 ./Startup_Code/console.o
 .debug_macro   0x0000a528       0x10 ./Startup_Code/console.o
 .debug_macro   0x0000a538      0x17b ./Startup_Code/console.o
 .debug_macro   0x0000a6b3      0x15b ./Startup_Code/console.o
 .debug_macro   0x0000a80e      0x16e ./Startup_Code/console.o
 .debug_macro   0x0000a97c       0x10 ./Startup_Code/console.o
 .debug_macro   0x0000a98c      0x3fb ./Startup_Code/console.o
 .debug_macro   0x0000ad87       0x5e ./Startup_Code/console.o
 .debug_macro   0x0000ade5      0x35c ./Startup_Code/console.o
 .debug_macro   0x0000b141       0x7c ./Startup_Code/console.o
 .debug_macro   0x0000b1bd       0x17 ./Startup_Code/console.o
 .debug_macro   0x0000b1d4       0xee ./Startup_Code/console.o
 .debug_macro   0x0000b2c2       0x1c ./Startup_Code/console.o
 .debug_macro   0x0000b2de       0x28 ./Startup_Code/console.o
 .debug_macro   0x0000b306       0x16 ./Startup_Code/console.o
 .debug_macro   0x0000b31c       0x18 ./Startup_Code/console.o
 .debug_macro   0x0000b334       0x18 ./Startup_Code/console.o
 .debug_macro   0x0000b34c       0x35 ./Startup_Code/console.o
 .debug_macro   0x0000b381       0x34 ./Startup_Code/console.o
 .debug_macro   0x0000b3b5       0x58 ./Startup_Code/console.o
 .debug_macro   0x0000b40d       0x1f ./Startup_Code/console.o
 .debug_macro   0x0000b42c       0x43 ./Startup_Code/console.o
 .debug_macro   0x0000b46f       0x20 ./Startup_Code/console.o
 .debug_macro   0x0000b48f      0x18e ./Startup_Code/console.o
 .debug_macro   0x0000b61d      0x1da ./Startup_Code/console.o
 .debug_macro   0x0000b7f7       0x10 ./Startup_Code/console.o
 .debug_macro   0x0000b807       0x16 ./Startup_Code/console.o
 .debug_macro   0x0000b81d       0x35 ./Startup_Code/console.o
 .debug_macro   0x0000b852       0x16 ./Startup_Code/console.o
 .debug_macro   0x0000b868       0x29 ./Startup_Code/console.o
 .debug_macro   0x0000b891       0x10 ./Startup_Code/console.o
 .debug_macro   0x0000b8a1      0x3ce ./Startup_Code/console.o
 .debug_macro   0x0000bc6f       0x16 ./Startup_Code/console.o
 .debug_macro   0x0000bc85       0x1c ./Startup_Code/console.o
 .debug_macro   0x0000bca1       0x6e ./Startup_Code/console.o
 .debug_macro   0x0000bd0f       0x28 ./Startup_Code/console.o
 .debug_macro   0x0000bd37       0x86 ./Startup_Code/console.o
 .debug_macro   0x0000bdbd       0x18 ./Startup_Code/console.o
 .debug_macro   0x0000bdd5       0x2e ./Startup_Code/console.o
 .debug_macro   0x0000be03       0x1f ./Startup_Code/console.o
 .debug_macro   0x0000be22       0x76 ./Startup_Code/console.o
 .debug_macro   0x0000be98       0x19 ./Startup_Code/console.o
 .debug_macro   0x0000beb1      0x120 ./Startup_Code/console.o
 .debug_macro   0x0000bfd1       0x11 ./Startup_Code/console.o
 .debug_macro   0x0000bfe2       0x11 ./Startup_Code/console.o
 .debug_macro   0x0000bff3       0x17 ./Startup_Code/console.o
 .debug_macro   0x0000c00a       0x17 ./Startup_Code/console.o
 .debug_macro   0x0000c021       0x17 ./Startup_Code/console.o
 .debug_macro   0x0000c038       0x17 ./Startup_Code/console.o
 .debug_macro   0x0000c04f       0x17 ./Startup_Code/console.o
 .debug_macro   0x0000c066       0x10 ./Startup_Code/console.o
 .debug_macro   0x0000c076       0x4c ./Startup_Code/console.o
 .debug_macro   0x0000c0c2      0x4d1 ./Startup_Code/mcg.o
 .debug_macro   0x0000c593       0x58 ./Startup_Code/mcg.o
 .debug_macro   0x0000c5eb       0x94 ./Startup_Code/mcg.o
 .debug_macro   0x0000c67f       0x57 ./Startup_Code/mcg.o
 .debug_macro   0x0000c6d6       0x10 ./Startup_Code/mcg.o
 .debug_macro   0x0000c6e6       0xd9 ./Startup_Code/mcg.o
 .debug_macro   0x0000c7bf       0x16 ./Startup_Code/mcg.o
 .debug_macro   0x0000c7d5       0x52 ./Startup_Code/mcg.o
 .debug_macro   0x0000c827      0x1a3 ./Startup_Code/newlib_stubs.o
 .debug_macro   0x0000c9ca      0xa8a ./Startup_Code/newlib_stubs.o
 .debug_macro   0x0000d454       0x10 ./Startup_Code/newlib_stubs.o
 .debug_macro   0x0000d464       0x5c ./Startup_Code/newlib_stubs.o
 .debug_macro   0x0000d4c0       0x34 ./Startup_Code/newlib_stubs.o
 .debug_macro   0x0000d4f4      0x174 ./Startup_Code/newlib_stubs.o
 .debug_macro   0x0000d668       0x43 ./Startup_Code/newlib_stubs.o
 .debug_macro   0x0000d6ab      0x23b ./Startup_Code/newlib_stubs.o
 .debug_macro   0x0000d8e6      0x339 ./Startup_Code/newlib_stubs.o
 .debug_macro   0x0000dc1f       0x10 ./Startup_Code/newlib_stubs.o
 .debug_macro   0x0000dc2f       0x35 ./Startup_Code/newlib_stubs.o
 .debug_macro   0x0000dc64       0x10 ./Startup_Code/newlib_stubs.o
 .debug_macro   0x0000dc74       0x10 ./Startup_Code/newlib_stubs.o
 .debug_macro   0x0000dc84       0x10 ./Startup_Code/newlib_stubs.o
 .debug_macro   0x0000dc94       0xb6 ./Startup_Code/newlib_stubs.o
 .debug_macro   0x0000dd4a       0x2e ./Startup_Code/newlib_stubs.o
 .debug_macro   0x0000dd78       0xf5 ./Startup_Code/newlib_stubs.o
 .debug_macro   0x0000de6d       0x16 ./Startup_Code/newlib_stubs.o
 .debug_macro   0x0000de83      0x4fe ./Startup_Code/newlib_stubs.o
 .debug_macro   0x0000e381      0x1a9 ./Startup_Code/security.o
 .debug_macro   0x0000e52a       0x56 ./Startup_Code/security.o
 .debug_macro   0x0000e580       0x34 ./Startup_Code/security.o
 .debug_macro   0x0000e5b4      0xbc6 ./Startup_Code/security.o
 .debug_macro   0x0000f17a      0x47b ./Startup_Code/system-gcc.o
 .debug_macro   0x0000f5f5       0x10 ./Startup_Code/system-gcc.o
 .debug_macro   0x0000f605      0x10e ./Startup_Code/system-gcc.o
 .debug_macro   0x0000f713       0x94 ./Startup_Code/system-gcc.o
 .debug_macro   0x0000f7a7       0x1c ./Startup_Code/system-gcc.o
 .debug_macro   0x0000f7c3       0xde ./Startup_Code/system-gcc.o
 .debug_macro   0x0000f8a1      0x3d4 ./Startup_Code/system-gcc.o
 .debug_macro   0x0000fc75      0x488 ./Startup_Code/system.o
 .debug_macro   0x000100fd      0x499 ./Startup_Code/vectors.o
 .debug_macro   0x00010596      0x32f ./Sources/delay.o
 .debug_macro   0x000108c5      0x47c ./Sources/i2c-example.o
 .debug_macro   0x00010d41      0x47c ./Sources/i2c.o
 .debug_macro   0x000111bd      0x46e ./Sources/usbdmError.o

.debug_line     0x00000000     0x8e61
 .debug_line    0x00000000     0x1118 ./Startup_Code/console.o
 .debug_line    0x00001118     0x14fc ./Startup_Code/mcg.o
 .debug_line    0x00002614      0x617 ./Startup_Code/newlib_stubs.o
 .debug_line    0x00002c2b      0x3d4 ./Startup_Code/security.o
 .debug_line    0x00002fff       0x74 ./Startup_Code/startup_ARMLtdGCC.o
 .debug_line    0x00003073      0xbb1 ./Startup_Code/system-gcc.o
 .debug_line    0x00003c24      0xc45 ./Startup_Code/system.o
 .debug_line    0x00004869      0xe9c ./Startup_Code/vectors.o
 .debug_line    0x00005705      0xb66 ./Sources/delay.o
 .debug_line    0x0000626b     0x102e ./Sources/i2c-example.o
 .debug_line    0x00007299      0xea7 ./Sources/i2c.o
 .debug_line    0x00008140      0xd21 ./Sources/usbdmError.o

.debug_str      0x00000000    0x59dbb
 .debug_str     0x00000000    0x5114b ./Startup_Code/console.o
                              0x51853 (size before relaxing)
 .debug_str     0x0005114b      0xfcb ./Startup_Code/mcg.o
                              0x50c6e (size before relaxing)
 .debug_str     0x00052116     0x1f72 ./Startup_Code/newlib_stubs.o
                               0x8827 (size before relaxing)
 .debug_str     0x00054088      0x1c4 ./Startup_Code/security.o
                              0x3958d (size before relaxing)
 .debug_str     0x0005424c       0x33 ./Startup_Code/startup_ARMLtdGCC.o
                                 0x6f (size before relaxing)
 .debug_str     0x0005427f      0x1ba ./Startup_Code/system-gcc.o
                              0x4fdca (size before relaxing)
 .debug_str     0x00054439      0x76e ./Startup_Code/system.o
                              0x503f8 (size before relaxing)
 .debug_str     0x00054ba7      0x11f ./Startup_Code/vectors.o
                              0x50d5d (size before relaxing)
 .debug_str     0x00054cc6      0x10a ./Sources/delay.o
                              0x45992 (size before relaxing)
 .debug_str     0x00054dd0     0x4c99 ./Sources/i2c-example.o
                              0x549d2 (size before relaxing)
 .debug_str     0x00059a69      0x24c ./Sources/i2c.o
                              0x4ff89 (size before relaxing)
 .debug_str     0x00059cb5      0x106 ./Sources/usbdmError.o
                              0x50d8f (size before relaxing)

.debug_frame    0x00000000     0x1c84
 .debug_frame   0x00000000      0x620 ./Startup_Code/console.o
 .debug_frame   0x00000620      0x384 ./Startup_Code/mcg.o
 .debug_frame   0x000009a4      0x304 ./Startup_Code/newlib_stubs.o
 .debug_frame   0x00000ca8       0x6c ./Startup_Code/system-gcc.o
 .debug_frame   0x00000d14      0x10c ./Startup_Code/system.o
 .debug_frame   0x00000e20      0x214 ./Startup_Code/vectors.o
 .debug_frame   0x00001034      0x184 ./Sources/delay.o
 .debug_frame   0x000011b8      0x480 ./Sources/i2c-example.o
 .debug_frame   0x00001638      0x18c ./Sources/i2c.o
 .debug_frame   0x000017c4      0x1ec ./Sources/usbdmError.o
 .debug_frame   0x000019b0       0x20 c:/program files (x86)/eclipse foundation/eclipse cdt/gnu tools arm embedded/8 2018-q4-major/bin/../lib/gcc/arm-none-eabi/8.2.1/../../../../arm-none-eabi/lib/thumb/v7e-m/nofp\libstdc++_nano.a(atexit_arm.o)
 .debug_frame   0x000019d0       0x20 c:/program files (x86)/eclipse foundation/eclipse cdt/gnu tools arm embedded/8 2018-q4-major/bin/../lib/gcc/arm-none-eabi/8.2.1/../../../../arm-none-eabi/lib/thumb/v7e-m/nofp\libstdc++_nano.a(del_ops.o)
 .debug_frame   0x000019f0       0x20 c:/program files (x86)/eclipse foundation/eclipse cdt/gnu tools arm embedded/8 2018-q4-major/bin/../lib/gcc/arm-none-eabi/8.2.1/../../../../arm-none-eabi/lib/thumb/v7e-m/nofp\libstdc++_nano.a(del_op.o)
 .debug_frame   0x00001a10       0x2c c:/program files (x86)/eclipse foundation/eclipse cdt/gnu tools arm embedded/8 2018-q4-major/bin/../lib/gcc/arm-none-eabi/8.2.1/thumb/v7e-m/nofp\libgcc.a(_aeabi_uldivmod.o)
 .debug_frame   0x00001a3c       0x34 c:/program files (x86)/eclipse foundation/eclipse cdt/gnu tools arm embedded/8 2018-q4-major/bin/../lib/gcc/arm-none-eabi/8.2.1/thumb/v7e-m/nofp\libgcc.a(_udivmoddi4.o)
 .debug_frame   0x00001a70       0x28 c:/program files (x86)/eclipse foundation/eclipse cdt/gnu tools arm embedded/8 2018-q4-major/bin/../lib/gcc/arm-none-eabi/8.2.1/../../../../arm-none-eabi/lib/thumb/v7e-m/nofp\libg_nano.a(lib_a-cxa_atexit.o)
 .debug_frame   0x00001a98       0x28 c:/program files (x86)/eclipse foundation/eclipse cdt/gnu tools arm embedded/8 2018-q4-major/bin/../lib/gcc/arm-none-eabi/8.2.1/../../../../arm-none-eabi/lib/thumb/v7e-m/nofp\libg_nano.a(lib_a-exit.o)
 .debug_frame   0x00001ac0       0x2c c:/program files (x86)/eclipse foundation/eclipse cdt/gnu tools arm embedded/8 2018-q4-major/bin/../lib/gcc/arm-none-eabi/8.2.1/../../../../arm-none-eabi/lib/thumb/v7e-m/nofp\libg_nano.a(lib_a-init.o)
 .debug_frame   0x00001aec       0x30 c:/program files (x86)/eclipse foundation/eclipse cdt/gnu tools arm embedded/8 2018-q4-major/bin/../lib/gcc/arm-none-eabi/8.2.1/../../../../arm-none-eabi/lib/thumb/v7e-m/nofp\libg_nano.a(lib_a-malloc.o)
 .debug_frame   0x00001b1c       0x20 c:/program files (x86)/eclipse foundation/eclipse cdt/gnu tools arm embedded/8 2018-q4-major/bin/../lib/gcc/arm-none-eabi/8.2.1/../../../../arm-none-eabi/lib/thumb/v7e-m/nofp\libg_nano.a(lib_a-memset.o)
 .debug_frame   0x00001b3c       0x38 c:/program files (x86)/eclipse foundation/eclipse cdt/gnu tools arm embedded/8 2018-q4-major/bin/../lib/gcc/arm-none-eabi/8.2.1/../../../../arm-none-eabi/lib/thumb/v7e-m/nofp\libg_nano.a(lib_a-nano-freer.o)
 .debug_frame   0x00001b74       0x30 c:/program files (x86)/eclipse foundation/eclipse cdt/gnu tools arm embedded/8 2018-q4-major/bin/../lib/gcc/arm-none-eabi/8.2.1/../../../../arm-none-eabi/lib/thumb/v7e-m/nofp\libg_nano.a(lib_a-nano-mallocr.o)
 .debug_frame   0x00001ba4       0x30 c:/program files (x86)/eclipse foundation/eclipse cdt/gnu tools arm embedded/8 2018-q4-major/bin/../lib/gcc/arm-none-eabi/8.2.1/../../../../arm-none-eabi/lib/thumb/v7e-m/nofp\libg_nano.a(lib_a-mlock.o)
 .debug_frame   0x00001bd4       0xb0 c:/program files (x86)/eclipse foundation/eclipse cdt/gnu tools arm embedded/8 2018-q4-major/bin/../lib/gcc/arm-none-eabi/8.2.1/../../../../arm-none-eabi/lib/thumb/v7e-m/nofp\libg_nano.a(lib_a-lock.o)
